mode: set
userauth/internal/biz/auth.go:47.108,54.2 1 1
userauth/internal/biz/auth.go:57.82,59.16 2 0
userauth/internal/biz/auth.go:59.16,61.3 1 0
userauth/internal/biz/auth.go:64.2,65.16 2 0
userauth/internal/biz/auth.go:65.16,67.3 1 0
userauth/internal/biz/auth.go:69.2,72.8 1 0
userauth/internal/biz/auth.go:76.100,78.35 2 1
userauth/internal/biz/auth.go:78.35,80.3 1 1
userauth/internal/biz/auth.go:81.2,81.34 1 1
userauth/internal/biz/auth.go:85.82,88.16 2 0
userauth/internal/biz/auth.go:88.16,90.3 1 0
userauth/internal/biz/auth.go:91.2,91.13 1 0
userauth/internal/biz/auth.go:91.13,94.3 2 0
userauth/internal/biz/auth.go:97.2,102.16 4 0
userauth/internal/biz/auth.go:102.16,105.3 2 0
userauth/internal/biz/auth.go:108.2,109.16 2 0
userauth/internal/biz/auth.go:109.16,111.3 1 0
userauth/internal/biz/auth.go:114.2,115.16 2 0
userauth/internal/biz/auth.go:115.16,117.3 1 0
userauth/internal/biz/auth.go:119.2,119.18 1 0
userauth/internal/biz/auth.go:123.93,125.36 2 1
userauth/internal/biz/auth.go:125.36,127.3 1 1
userauth/internal/biz/auth.go:128.2,128.35 1 1
userauth/internal/biz/auth.go:132.123,147.16 4 1
userauth/internal/biz/auth.go:147.16,149.3 1 0
userauth/internal/biz/auth.go:152.2,161.16 3 1
userauth/internal/biz/auth.go:161.16,163.3 1 0
userauth/internal/biz/auth.go:166.2,167.16 2 1
userauth/internal/biz/auth.go:167.16,169.3 1 1
userauth/internal/biz/auth.go:170.2,171.16 2 1
userauth/internal/biz/auth.go:171.16,173.3 1 0
userauth/internal/biz/auth.go:175.2,181.8 2 1
userauth/internal/biz/auth.go:185.103,187.118 1 0
userauth/internal/biz/auth.go:187.118,189.3 1 0
userauth/internal/biz/auth.go:190.2,190.32 1 0
userauth/internal/biz/auth.go:190.32,192.3 1 0
userauth/internal/biz/auth.go:194.2,195.9 2 0
userauth/internal/biz/auth.go:195.9,197.3 1 0
userauth/internal/biz/auth.go:200.2,201.47 2 0
userauth/internal/biz/auth.go:201.47,203.3 1 0
userauth/internal/biz/auth.go:206.2,218.16 4 0
userauth/internal/biz/auth.go:218.16,220.3 1 0
userauth/internal/biz/auth.go:223.2,224.16 2 0
userauth/internal/biz/auth.go:224.16,226.3 1 0
userauth/internal/biz/auth.go:228.2,234.8 2 0
userauth/internal/biz/auth.go:238.77,241.16 2 1
userauth/internal/biz/auth.go:241.16,243.3 1 0
userauth/internal/biz/auth.go:246.2,247.16 2 1
userauth/internal/biz/auth.go:247.16,249.3 1 1
userauth/internal/biz/auth.go:251.2,252.12 2 1
userauth/internal/biz/auth.go:256.88,258.2 1 1
userauth/internal/biz/auth.go:261.91,263.13 2 1
userauth/internal/biz/auth.go:263.13,265.3 1 1
userauth/internal/biz/auth.go:266.2,266.54 1 1
